// Jest Snapshot v1, https://goo.gl/fbAQLP

exports[`InfoLabel should render correctly 1`] = `
<DocumentFragment>
  <div
    class="infoLabel--container"
  >
    <span
      class="typo--s typo--bold typo--text-secondary"
    >
      sample
    </span>
    <span
      class="infoLabel--icon"
      title="info"
    >
      <svg
        class="infoIcon--icon"
        fill="currentColor"
        height="1.5rem"
        stroke="currentColor"
        stroke-width="0"
        viewBox="0 0 24 24"
        width="1.5rem"
        xmlns="http://www.w3.org/2000/svg"
      >
        <path
          d="M12 2C6.48 2 2 6.48 2 12s4.48 10 10 10 10-4.48 10-10S17.52 2 12 2zm1 15h-2v-6h2v6zm0-8h-2V7h2v2z"
        />
      </svg>
    </span>
  </div>
</DocumentFragment>
`;
