// Jest Snapshot v1, https://goo.gl/fbAQLP

exports[`IconMessage renders correctly and match snapshot 1`] = `
<DocumentFragment>
  <div
    class="iconMessage--container"
  >
    <svg
      class="iconMessage--icon"
      fill="currentColor"
      height="1.5rem"
      stroke="currentColor"
      stroke-width="0"
      viewBox="0 0 24 24"
      width="1.5rem"
      xmlns="http://www.w3.org/2000/svg"
    >
      <path
        d="M1 21h22L12 2 1 21zm12-3h-2v-2h2v2zm0-4h-2v-4h2v4z"
      />
    </svg>
    <span
      class="typo--s typo--text-primary iconMessage--message"
    >
      Sample
    </span>
  </div>
</DocumentFragment>
`;
