// Jest Snapshot v1, https://goo.gl/fbAQLP

exports[`Separator renders correctly 1`] = `
<DocumentFragment>
  <div
    class="separator"
  />
</DocumentFragment>
`;
